// Jest Snapshot v1, https://goo.gl/fbAQLP

exports[`ContactForm renders without crashing 1`] = `<WithStyles(WithTheme(WithWidth(Connect(ContactForm)))) />`;
