// Jest Snapshot v1, https://goo.gl/fbAQLP

exports[`MobileMain renders without crashing 1`] = `
<div>
  <WithTheme(WithWidth(Connect(Nav))) />
</div>
`;
