// Jest Snapshot v1, https://goo.gl/fbAQLP

exports[`InteractionGuidelines renders without crashing 1`] = `
<WithTheme(WithWidth(InteractionGuidelines))
  classes={
    Object {
      "text": "WithTheme-WithWidth-InteractionGuidelines---text-1",
    }
  }
/>
`;
