// Jest Snapshot v1, https://goo.gl/fbAQLP

exports[`LanguageOption renders without crashing 1`] = `
<Fragment
  style={
    Object {
      "height": "100%",
      "width": "100%",
    }
  }
>
  <div>
    <h2 />
  </div>
</Fragment>
`;
